Test des améliorations TempoList - Fri Jun 27 13:24:36 CEST 2025
